Godot Engine v4.7.2.stable.official.ed1daf0bf - https://godotengine.org

[   0% ] [90m[1mfirst_scan_filesystem[22m | Started Projektinitialisierung (5 steps)[39m[0m
[   0% ] [90m[1mfirst_scan_filesystem[22m | Lese Dateistrucktur …[39m[0m
[  16% ] [90m[1mfirst_scan_filesystem[22m | Globale Klassennamen laden …[39m[0m
[  33% ] [90m[1mfirst_scan_filesystem[22m | Verifiziere GDExtensions…[39m[0m
[  50% ] [90m[1mfirst_scan_filesystem[22m | Autoload-Skripte erzeugen …[39m[0m
[  66% ] [90m[1mfirst_scan_filesystem[22m | Plugins initialisieren…[39m[0m
[  83% ] [90m[1mfirst_scan_filesystem[22m | Dateiscan starten …[39m[0m
[92m[ DONE ][39m [1mfirst_scan_filesystem[22m
[0m
[   0% ] [90m[1mloading_editor_layout[22m | Started Editor laden (5 steps)[39m[0m
[   0% ] [90m[1mloading_editor_layout[22m | Editor-Layout laden …[39m[0m
[  16% ] [90m[1mloading_editor_layout[22m | Docks laden …[39m[0m
[92m[ DONE ][39m [1mloading_editor_layout[22m
[0m
Godot Engine v4.7.2.stable.official.ed1daf0bf - https://godotengine.org

PASS independent prompts and skeleton families
PASS deterministic profile
PASS same prompt reproducible across player slots
PASS 1000 profiles: budget, bounds, invalid inputs and module compatibility
PASS standard attack accepted
PASS duplicate attack blocked by pending/cooldown
PASS single standard hit applied within damage budget
PASS no repeated damage after completed hit
PASS special misses outside range
PASS player 1 win and player 2 defeat
PASS restart resets all combat state
PASS player 2 special attack and victory
PASS simultaneous double KO is a draw
PASS timeout compares normalized health
PASS timeout winner
PASS identical commands yield identical rules in both modes
PASS 30 autonomous matches terminate with real hits
BALANCE_SAMPLE [5, 25, 0] hits=691
PASS arena boundaries
PASS fighters do not cross through each other
PASS ninja imported 18-bone skeleton
PASS ninja imported animation clips ["Ninja_Defeat", "Ninja_HitReact", "Ninja_Idle", "Ninja_LightAttack", "Ninja_Move", "Ninja_SpecialAttack", "Ninja_Victory"]
PASS golem imported 18-bone skeleton
PASS golem imported animation clips ["Golem_Defeat", "Golem_HitReact", "Golem_Idle", "Golem_LightAttack", "Golem_Move", "Golem_SpecialAttack", "Golem_Victory"]
PASS P1 movement input is isolated
PASS P2 movement input is isolated
PASS attack key isolated: F
PASS attack key isolated: G
PASS attack key isolated: K
PASS attack key isolated: L
PASS return to prompt selection
PASS agent start button route
PASS UI restart route
PFU_GODOT_TESTS passed=32 failed=0
Godot Engine v4.7.2.stable.official.ed1daf0bf - https://godotengine.org

[   0% ] [90m[1mfirst_scan_filesystem[22m | Started Projektinitialisierung (5 steps)[39m[0m
[   0% ] [90m[1mfirst_scan_filesystem[22m | Lese Dateistrucktur …[39m[0m
[  16% ] [90m[1mfirst_scan_filesystem[22m | Globale Klassennamen laden …[39m[0m
[  33% ] [90m[1mfirst_scan_filesystem[22m | Verifiziere GDExtensions…[39m[0m
[  50% ] [90m[1mfirst_scan_filesystem[22m | Autoload-Skripte erzeugen …[39m[0m
[  66% ] [90m[1mfirst_scan_filesystem[22m | Plugins initialisieren…[39m[0m
[  83% ] [90m[1mfirst_scan_filesystem[22m | Dateiscan starten …[39m[0m
[92m[ DONE ][39m [1mfirst_scan_filesystem[22m
[0m
[   0% ] [90m[1msavepack[22m | Started Packe (102 steps)[39m[0m
[   1% ] [90m[1msavepack[22m | Speichere Datei: res://.godot/imported/PFU_ElectricSpecial.wav-535c91be668de773bc9b13b03feed3df.sample[39m[0m
[   1% ] [90m[1msavepack[22m | Speichere Datei: res://assets/audio/PFU_ElectricSpecial.wav.import[39m[0m
[   8% ] [90m[1msavepack[22m | Speichere Datei: res://.godot/imported/PFU_Hit.wav-ea2699a62511714552b94bfa5d7b4a45.sample[39m[0m
[   8% ] [90m[1msavepack[22m | Speichere Datei: res://assets/audio/PFU_Hit.wav.import[39m[0m
[  16% ] [90m[1msavepack[22m | Speichere Datei: res://.godot/imported/PFU_LavaSpecial.wav-5f9209915255756e0ad0dcc6e4ceec8f.sample[39m[0m
[  16% ] [90m[1msavepack[22m | Speichere Datei: res://assets/audio/PFU_LavaSpecial.wav.import[39m[0m
[  24% ] [90m[1msavepack[22m | Speichere Datei: res://.godot/imported/PFU_RoundStart.wav-80c1678ad751371b09e3dac215aeda93.sample[39m[0m
[  24% ] [90m[1msavepack[22m | Speichere Datei: res://assets/audio/PFU_RoundStart.wav.import[39m[0m
[  31% ] [90m[1msavepack[22m | Speichere Datei: res://.godot/imported/PFU_Victory.wav-54ed083f81608602ec1479bb7062cf63.sample[39m[0m
[  31% ] [90m[1msavepack[22m | Speichere Datei: res://assets/audio/PFU_Victory.wav.import[39m[0m
[  38% ] [90m[1msavepack[22m | Speichere Datei: res://.godot/imported/arena.glb-24dc0dc0bfbba0f077259ff93f7fd80a.scn[39m[0m
[  38% ] [90m[1msavepack[22m | Speichere Datei: res://assets/models/arena.glb.import[39m[0m
[  46% ] [90m[1msavepack[22m | Speichere Datei: res://.godot/imported/golem.glb-d200575c0d15331985d5f5118edea278.scn[39m[0m
[  46% ] [90m[1msavepack[22m | Speichere Datei: res://assets/models/golem.glb.import[39m[0m
[  53% ] [90m[1msavepack[22m | Speichere Datei: res://.godot/imported/ninja.glb-af710a242a7211eb07708f8219b4d063.scn[39m[0m
[  53% ] [90m[1msavepack[22m | Speichere Datei: res://assets/models/ninja.glb.import[39m[0m
[  61% ] [90m[1msavepack[22m | Speichere Datei: res://scripts/combat.gdc[39m[0m
[  68% ] [90m[1msavepack[22m | Speichere Datei: res://scripts/fighter_view.gdc[39m[0m
[  75% ] [90m[1msavepack[22m | Speichere Datei: res://scripts/main.gdc[39m[0m
[  83% ] [90m[1msavepack[22m | Speichere Datei: res://scripts/prompt_interpreter.gdc[39m[0m
[  91% ] [90m[1msavepack[22m | Speichere Datei: res://.godot/exported/133200997/export-3070c538c03ee49b7677ff960a3f5195-main.scn[39m[0m
[  91% ] [90m[1msavepack[22m | Speichere Datei: res://scripts/combat.gd.remap[39m[0m
[  91% ] [90m[1msavepack[22m | Speichere Datei: res://scripts/fighter_view.gd.remap[39m[0m
[  91% ] [90m[1msavepack[22m | Speichere Datei: res://scripts/main.gd.remap[39m[0m
[  91% ] [90m[1msavepack[22m | Speichere Datei: res://scripts/prompt_interpreter.gd.remap[39m[0m
[  91% ] [90m[1msavepack[22m | Speichere Datei: res://main.tscn.remap[39m[0m
[  91% ] [90m[1msavepack[22m | Speichere Datei: res://.godot/global_script_class_cache.cfg[39m[0m
[  91% ] [90m[1msavepack[22m | Speichere Datei: res://.godot/uid_cache.bin[39m[0m
[  91% ] [90m[1msavepack[22m | Speichere Datei: res://project.binary[39m[0m
[92m[ DONE ][39m [1msavepack[22m
[0m
Godot Engine v4.7.2.stable.official.ed1daf0bf - https://godotengine.org

